<?xml version="1.0" encoding="ISO-8859-1" ?>
<link_info>
   <banner>MSP430 Linker PC v20.2.1.LTS</banner>
   <copyright>Copyright (c) 2003-2018 Texas Instruments Incorporated</copyright>
   <link_time>0x6244bcc4</link_time>
   <link_errors>0x0</link_errors>
   <output_file>SRV_2_4.out</output_file>
   <entry_point>
      <name>_c_int00_noargs</name>
      <address>0x4400</address>
   </entry_point>
   <input_file_list>
      <input_file id="fl-2">
         <path>.\</path>
         <kind>object</kind>
         <file>main.obj</file>
         <name>main.obj</name>
      </input_file>
      <input_file id="fl-3">
         <path>.\</path>
         <kind>object</kind>
         <file>util.obj</file>
         <name>util.obj</name>
      </input_file>
      <input_file id="fl-4">
         <path>.\ETF5529_HAL\</path>
         <kind>object</kind>
         <file>hal_7seg.obj</file>
         <name>hal_7seg.obj</name>
      </input_file>
      <input_file id="fl-5">
         <path>.\ETF5529_HAL\</path>
         <kind>object</kind>
         <file>hal_board.obj</file>
         <name>hal_board.obj</name>
      </input_file>
      <input_file id="fl-6">
         <path>.\ETF5529_HAL\</path>
         <kind>object</kind>
         <file>hal_led.obj</file>
         <name>hal_led.obj</name>
      </input_file>
      <input_file id="fl-7">
         <path>.\FreeRTOS_source\</path>
         <kind>object</kind>
         <file>event_groups.obj</file>
         <name>event_groups.obj</name>
      </input_file>
      <input_file id="fl-8">
         <path>.\FreeRTOS_source\</path>
         <kind>object</kind>
         <file>list.obj</file>
         <name>list.obj</name>
      </input_file>
      <input_file id="fl-9">
         <path>.\FreeRTOS_source\</path>
         <kind>object</kind>
         <file>queue.obj</file>
         <name>queue.obj</name>
      </input_file>
      <input_file id="fl-a">
         <path>.\FreeRTOS_source\</path>
         <kind>object</kind>
         <file>tasks.obj</file>
         <name>tasks.obj</name>
      </input_file>
      <input_file id="fl-b">
         <path>.\FreeRTOS_source\</path>
         <kind>object</kind>
         <file>timers.obj</file>
         <name>timers.obj</name>
      </input_file>
      <input_file id="fl-c">
         <path>.\FreeRTOS_source\portable\CCS\MSP430X\</path>
         <kind>object</kind>
         <file>port.obj</file>
         <name>port.obj</name>
      </input_file>
      <input_file id="fl-d">
         <path>.\FreeRTOS_source\portable\CCS\MSP430X\</path>
         <kind>object</kind>
         <file>portext.obj</file>
         <name>portext.obj</name>
      </input_file>
      <input_file id="fl-e">
         <path>.\FreeRTOS_source\portable\MemMang\</path>
         <kind>object</kind>
         <file>heap_1.obj</file>
         <name>heap_1.obj</name>
      </input_file>
      <input_file id="fl-f">
         <path>.\drivers\MSP430F5xx_6xx\</path>
         <kind>object</kind>
         <file>pmm.obj</file>
         <name>pmm.obj</name>
      </input_file>
      <input_file id="fl-10">
         <path>.\drivers\MSP430F5xx_6xx\</path>
         <kind>object</kind>
         <file>ucs.obj</file>
         <name>ucs.obj</name>
      </input_file>
      <input_file id="fl-16">
         <kind>object</kind>
         <file>&lt;internal&gt;</file>
         <name>&lt;internal&gt;</name>
      </input_file>
      <input_file id="fl-31">
         <path>C:\ti\ccs1010\ccs\tools\compiler\ti-cgt-msp430_20.2.1.LTS\lib\</path>
         <kind>archive</kind>
         <file>rts430x_lc_rd_eabi.lib</file>
         <name>div16s.asm.obj</name>
      </input_file>
      <input_file id="fl-32">
         <path>C:\ti\ccs1010\ccs\tools\compiler\ti-cgt-msp430_20.2.1.LTS\lib\</path>
         <kind>archive</kind>
         <file>rts430x_lc_rd_eabi.lib</file>
         <name>div16u.asm.obj</name>
      </input_file>
      <input_file id="fl-33">
         <path>C:\ti\ccs1010\ccs\tools\compiler\ti-cgt-msp430_20.2.1.LTS\lib\</path>
         <kind>archive</kind>
         <file>rts430x_lc_rd_eabi.lib</file>
         <name>div32s.asm.obj</name>
      </input_file>
      <input_file id="fl-34">
         <path>C:\ti\ccs1010\ccs\tools\compiler\ti-cgt-msp430_20.2.1.LTS\lib\</path>
         <kind>archive</kind>
         <file>rts430x_lc_rd_eabi.lib</file>
         <name>div32u.asm.obj</name>
      </input_file>
      <input_file id="fl-35">
         <path>C:\ti\ccs1010\ccs\tools\compiler\ti-cgt-msp430_20.2.1.LTS\lib\</path>
         <kind>archive</kind>
         <file>rts430x_lc_rd_eabi.lib</file>
         <name>int41.asm.obj</name>
      </input_file>
      <input_file id="fl-36">
         <path>C:\ti\ccs1010\ccs\tools\compiler\ti-cgt-msp430_20.2.1.LTS\lib\</path>
         <kind>archive</kind>
         <file>rts430x_lc_rd_eabi.lib</file>
         <name>int42.asm.obj</name>
      </input_file>
      <input_file id="fl-37">
         <path>C:\ti\ccs1010\ccs\tools\compiler\ti-cgt-msp430_20.2.1.LTS\lib\</path>
         <kind>archive</kind>
         <file>rts430x_lc_rd_eabi.lib</file>
         <name>int43.asm.obj</name>
      </input_file>
      <input_file id="fl-38">
         <path>C:\ti\ccs1010\ccs\tools\compiler\ti-cgt-msp430_20.2.1.LTS\lib\</path>
         <kind>archive</kind>
         <file>rts430x_lc_rd_eabi.lib</file>
         <name>int44.asm.obj</name>
      </input_file>
      <input_file id="fl-39">
         <path>C:\ti\ccs1010\ccs\tools\compiler\ti-cgt-msp430_20.2.1.LTS\lib\</path>
         <kind>archive</kind>
         <file>rts430x_lc_rd_eabi.lib</file>
         <name>int45.asm.obj</name>
      </input_file>
      <input_file id="fl-3a">
         <path>C:\ti\ccs1010\ccs\tools\compiler\ti-cgt-msp430_20.2.1.LTS\lib\</path>
         <kind>archive</kind>
         <file>rts430x_lc_rd_eabi.lib</file>
         <name>int46.asm.obj</name>
      </input_file>
      <input_file id="fl-3b">
         <path>C:\ti\ccs1010\ccs\tools\compiler\ti-cgt-msp430_20.2.1.LTS\lib\</path>
         <kind>archive</kind>
         <file>rts430x_lc_rd_eabi.lib</file>
         <name>int47.asm.obj</name>
      </input_file>
      <input_file id="fl-3c">
         <path>C:\ti\ccs1010\ccs\tools\compiler\ti-cgt-msp430_20.2.1.LTS\lib\</path>
         <kind>archive</kind>
         <file>rts430x_lc_rd_eabi.lib</file>
         <name>int48.asm.obj</name>
      </input_file>
      <input_file id="fl-3d">
         <path>C:\ti\ccs1010\ccs\tools\compiler\ti-cgt-msp430_20.2.1.LTS\lib\</path>
         <kind>archive</kind>
         <file>rts430x_lc_rd_eabi.lib</file>
         <name>int49.asm.obj</name>
      </input_file>
      <input_file id="fl-3e">
         <path>C:\ti\ccs1010\ccs\tools\compiler\ti-cgt-msp430_20.2.1.LTS\lib\</path>
         <kind>archive</kind>
         <file>rts430x_lc_rd_eabi.lib</file>
         <name>int50.asm.obj</name>
      </input_file>
      <input_file id="fl-3f">
         <path>C:\ti\ccs1010\ccs\tools\compiler\ti-cgt-msp430_20.2.1.LTS\lib\</path>
         <kind>archive</kind>
         <file>rts430x_lc_rd_eabi.lib</file>
         <name>int51.asm.obj</name>
      </input_file>
      <input_file id="fl-40">
         <path>C:\ti\ccs1010\ccs\tools\compiler\ti-cgt-msp430_20.2.1.LTS\lib\</path>
         <kind>archive</kind>
         <file>rts430x_lc_rd_eabi.lib</file>
         <name>int52.asm.obj</name>
      </input_file>
      <input_file id="fl-41">
         <path>C:\ti\ccs1010\ccs\tools\compiler\ti-cgt-msp430_20.2.1.LTS\lib\</path>
         <kind>archive</kind>
         <file>rts430x_lc_rd_eabi.lib</file>
         <name>int54.asm.obj</name>
      </input_file>
      <input_file id="fl-42">
         <path>C:\ti\ccs1010\ccs\tools\compiler\ti-cgt-msp430_20.2.1.LTS\lib\</path>
         <kind>archive</kind>
         <file>rts430x_lc_rd_eabi.lib</file>
         <name>int55.asm.obj</name>
      </input_file>
      <input_file id="fl-43">
         <path>C:\ti\ccs1010\ccs\tools\compiler\ti-cgt-msp430_20.2.1.LTS\lib\</path>
         <kind>archive</kind>
         <file>rts430x_lc_rd_eabi.lib</file>
         <name>int56.asm.obj</name>
      </input_file>
      <input_file id="fl-44">
         <path>C:\ti\ccs1010\ccs\tools\compiler\ti-cgt-msp430_20.2.1.LTS\lib\</path>
         <kind>archive</kind>
         <file>rts430x_lc_rd_eabi.lib</file>
         <name>int57.asm.obj</name>
      </input_file>
      <input_file id="fl-45">
         <path>C:\ti\ccs1010\ccs\tools\compiler\ti-cgt-msp430_20.2.1.LTS\lib\</path>
         <kind>archive</kind>
         <file>rts430x_lc_rd_eabi.lib</file>
         <name>int58.asm.obj</name>
      </input_file>
      <input_file id="fl-46">
         <path>C:\ti\ccs1010\ccs\tools\compiler\ti-cgt-msp430_20.2.1.LTS\lib\</path>
         <kind>archive</kind>
         <file>rts430x_lc_rd_eabi.lib</file>
         <name>int59.asm.obj</name>
      </input_file>
      <input_file id="fl-47">
         <path>C:\ti\ccs1010\ccs\tools\compiler\ti-cgt-msp430_20.2.1.LTS\lib\</path>
         <kind>archive</kind>
         <file>rts430x_lc_rd_eabi.lib</file>
         <name>int60.asm.obj</name>
      </input_file>
      <input_file id="fl-48">
         <path>C:\ti\ccs1010\ccs\tools\compiler\ti-cgt-msp430_20.2.1.LTS\lib\</path>
         <kind>archive</kind>
         <file>rts430x_lc_rd_eabi.lib</file>
         <name>int61.asm.obj</name>
      </input_file>
      <input_file id="fl-49">
         <path>C:\ti\ccs1010\ccs\tools\compiler\ti-cgt-msp430_20.2.1.LTS\lib\</path>
         <kind>archive</kind>
         <file>rts430x_lc_rd_eabi.lib</file>
         <name>int62.asm.obj</name>
      </input_file>
      <input_file id="fl-4a">
         <path>C:\ti\ccs1010\ccs\tools\compiler\ti-cgt-msp430_20.2.1.LTS\lib\</path>
         <kind>archive</kind>
         <file>rts430x_lc_rd_eabi.lib</file>
         <name>isr_trap.asm.obj</name>
      </input_file>
      <input_file id="fl-4b">
         <path>C:\ti\ccs1010\ccs\tools\compiler\ti-cgt-msp430_20.2.1.LTS\lib\</path>
         <kind>archive</kind>
         <file>rts430x_lc_rd_eabi.lib</file>
         <name>lsl16.asm.obj</name>
      </input_file>
      <input_file id="fl-4c">
         <path>C:\ti\ccs1010\ccs\tools\compiler\ti-cgt-msp430_20.2.1.LTS\lib\</path>
         <kind>archive</kind>
         <file>rts430x_lc_rd_eabi.lib</file>
         <name>mult16.asm.obj</name>
      </input_file>
      <input_file id="fl-4d">
         <path>C:\ti\ccs1010\ccs\tools\compiler\ti-cgt-msp430_20.2.1.LTS\lib\</path>
         <kind>archive</kind>
         <file>rts430x_lc_rd_eabi.lib</file>
         <name>mult16_f5hw.asm.obj</name>
      </input_file>
      <input_file id="fl-4e">
         <path>C:\ti\ccs1010\ccs\tools\compiler\ti-cgt-msp430_20.2.1.LTS\lib\</path>
         <kind>archive</kind>
         <file>rts430x_lc_rd_eabi.lib</file>
         <name>mult1632_f5hw.asm.obj</name>
      </input_file>
      <input_file id="fl-4f">
         <path>C:\ti\ccs1010\ccs\tools\compiler\ti-cgt-msp430_20.2.1.LTS\lib\</path>
         <kind>archive</kind>
         <file>rts430x_lc_rd_eabi.lib</file>
         <name>mult32.asm.obj</name>
      </input_file>
      <input_file id="fl-50">
         <path>C:\ti\ccs1010\ccs\tools\compiler\ti-cgt-msp430_20.2.1.LTS\lib\</path>
         <kind>archive</kind>
         <file>rts430x_lc_rd_eabi.lib</file>
         <name>mult32_f5hw.asm.obj</name>
      </input_file>
      <input_file id="fl-51">
         <path>C:\ti\ccs1010\ccs\tools\compiler\ti-cgt-msp430_20.2.1.LTS\lib\</path>
         <kind>archive</kind>
         <file>rts430x_lc_rd_eabi.lib</file>
         <name>mult3264_f5hw.asm.obj</name>
      </input_file>
      <input_file id="fl-52">
         <path>C:\ti\ccs1010\ccs\tools\compiler\ti-cgt-msp430_20.2.1.LTS\lib\</path>
         <kind>archive</kind>
         <file>rts430x_lc_rd_eabi.lib</file>
         <name>mult64_f5hw.asm.obj</name>
      </input_file>
      <input_file id="fl-53">
         <path>C:\ti\ccs1010\ccs\tools\compiler\ti-cgt-msp430_20.2.1.LTS\lib\</path>
         <kind>archive</kind>
         <file>rts430x_lc_rd_eabi.lib</file>
         <name>boot.c.obj</name>
      </input_file>
      <input_file id="fl-54">
         <path>C:\ti\ccs1010\ccs\tools\compiler\ti-cgt-msp430_20.2.1.LTS\lib\</path>
         <kind>archive</kind>
         <file>rts430x_lc_rd_eabi.lib</file>
         <name>autoinit.c.obj</name>
      </input_file>
      <input_file id="fl-55">
         <path>C:\ti\ccs1010\ccs\tools\compiler\ti-cgt-msp430_20.2.1.LTS\lib\</path>
         <kind>archive</kind>
         <file>rts430x_lc_rd_eabi.lib</file>
         <name>copy_zero_init.c.obj</name>
      </input_file>
      <input_file id="fl-56">
         <path>C:\ti\ccs1010\ccs\tools\compiler\ti-cgt-msp430_20.2.1.LTS\lib\</path>
         <kind>archive</kind>
         <file>rts430x_lc_rd_eabi.lib</file>
         <name>cpy_tbl.c.obj</name>
      </input_file>
      <input_file id="fl-57">
         <path>C:\ti\ccs1010\ccs\tools\compiler\ti-cgt-msp430_20.2.1.LTS\lib\</path>
         <kind>archive</kind>
         <file>rts430x_lc_rd_eabi.lib</file>
         <name>mpu_init.c.obj</name>
      </input_file>
      <input_file id="fl-58">
         <path>C:\ti\ccs1010\ccs\tools\compiler\ti-cgt-msp430_20.2.1.LTS\lib\</path>
         <kind>archive</kind>
         <file>rts430x_lc_rd_eabi.lib</file>
         <name>pre_init.c.obj</name>
      </input_file>
      <input_file id="fl-59">
         <path>C:\ti\ccs1010\ccs\tools\compiler\ti-cgt-msp430_20.2.1.LTS\lib\</path>
         <kind>archive</kind>
         <file>rts430x_lc_rd_eabi.lib</file>
         <name>startup.c.obj</name>
      </input_file>
      <input_file id="fl-5a">
         <path>C:\ti\ccs1010\ccs\tools\compiler\ti-cgt-msp430_20.2.1.LTS\lib\</path>
         <kind>archive</kind>
         <file>rts430x_lc_rd_eabi.lib</file>
         <name>copy_decompress_none.c.obj</name>
      </input_file>
      <input_file id="fl-5b">
         <path>C:\ti\ccs1010\ccs\tools\compiler\ti-cgt-msp430_20.2.1.LTS\lib\</path>
         <kind>archive</kind>
         <file>rts430x_lc_rd_eabi.lib</file>
         <name>copy_decompress_lzss.c.obj</name>
      </input_file>
      <input_file id="fl-5c">
         <path>C:\ti\ccs1010\ccs\tools\compiler\ti-cgt-msp430_20.2.1.LTS\lib\</path>
         <kind>archive</kind>
         <file>rts430x_lc_rd_eabi.lib</file>
         <name>exit.c.obj</name>
      </input_file>
      <input_file id="fl-5d">
         <path>C:\ti\ccs1010\ccs\tools\compiler\ti-cgt-msp430_20.2.1.LTS\lib\</path>
         <kind>archive</kind>
         <file>rts430x_lc_rd_eabi.lib</file>
         <name>_lock.c.obj</name>
      </input_file>
      <input_file id="fl-5e">
         <path>C:\ti\ccs1010\ccs\tools\compiler\ti-cgt-msp430_20.2.1.LTS\lib\</path>
         <kind>archive</kind>
         <file>rts430x_lc_rd_eabi.lib</file>
         <name>args_main.c.obj</name>
      </input_file>
      <input_file id="fl-5f">
         <path>C:\ti\ccs1010\ccs\tools\compiler\ti-cgt-msp430_20.2.1.LTS\lib\</path>
         <kind>archive</kind>
         <file>rts430x_lc_rd_eabi.lib</file>
         <name>memcpy.c.obj</name>
      </input_file>
      <input_file id="fl-60">
         <path>C:\ti\ccs1010\ccs\tools\compiler\ti-cgt-msp430_20.2.1.LTS\lib\</path>
         <kind>archive</kind>
         <file>rts430x_lc_rd_eabi.lib</file>
         <name>memset.c.obj</name>
      </input_file>
      <input_file id="fl-61">
         <path>C:\ti\ccs1010\ccs\tools\compiler\ti-cgt-msp430_20.2.1.LTS\lib\</path>
         <kind>archive</kind>
         <file>rts430x_lc_rd_eabi.lib</file>
         <name>exit_gvars.c.obj</name>
      </input_file>
   </input_file_list>
   <object_component_list>
      <object_component id="oc-4c3">
         <name>.bss:pxReadyTasksLists</name>
         <uninitialized>true</uninitialized>
         <run_address>0x3800</run_address>
         <size>0x80</size>
         <input_file_ref idref="fl-a"/>
      </object_component>
      <object_component id="oc-712">
         <name>.bss:xDelayedTaskList1</name>
         <uninitialized>true</uninitialized>
         <run_address>0x38a0</run_address>
         <size>0x10</size>
         <input_file_ref idref="fl-a"/>
      </object_component>
      <object_component id="oc-715">
         <name>.bss:xDelayedTaskList2</name>
         <uninitialized>true</uninitialized>
         <run_address>0x38b0</run_address>
         <size>0x10</size>
         <input_file_ref idref="fl-a"/>
      </object_component>
      <object_component id="oc-4b4">
         <name>.bss</name>
         <uninitialized>true</uninitialized>
         <run_address>0x38e0</run_address>
         <size>0x8</size>
         <input_file_ref idref="fl-a"/>
      </object_component>
      <object_component id="oc-6e7">
         <name>.bss:xPendingReadyList</name>
         <uninitialized>true</uninitialized>
         <run_address>0x38c0</run_address>
         <size>0x10</size>
         <input_file_ref idref="fl-a"/>
      </object_component>
      <object_component id="oc-718">
         <name>.bss:xSuspendedTaskList</name>
         <uninitialized>true</uninitialized>
         <run_address>0x38d0</run_address>
         <size>0x10</size>
         <input_file_ref idref="fl-a"/>
      </object_component>
      <object_component id="oc-72f">
         <name>.bss:xActiveTimerList1</name>
         <uninitialized>true</uninitialized>
         <run_address>0x3880</run_address>
         <size>0x10</size>
         <input_file_ref idref="fl-b"/>
      </object_component>
      <object_component id="oc-732">
         <name>.bss:xActiveTimerList2</name>
         <uninitialized>true</uninitialized>
         <run_address>0x3890</run_address>
         <size>0x10</size>
         <input_file_ref idref="fl-b"/>
      </object_component>
      <object_component id="oc-735">
         <name>.bss</name>
         <uninitialized>true</uninitialized>
         <run_address>0x38e8</run_address>
         <size>0x8</size>
         <input_file_ref idref="fl-b"/>
      </object_component>
      <object_component id="oc-629">
         <name>.bss:ucHeap</name>
         <uninitialized>true</uninitialized>
         <run_address>0x2400</run_address>
         <size>0x1400</size>
         <input_file_ref idref="fl-e"/>
      </object_component>
      <object_component id="oc-45a">
         <name>.common:xEvent_ButtonPressed</name>
         <uninitialized>true</uninitialized>
         <run_address>0x38f0</run_address>
         <size>0x4</size>
      </object_component>
      <object_component id="oc-45d">
         <name>.common:xEvent_Counting</name>
         <uninitialized>true</uninitialized>
         <run_address>0x38f4</run_address>
         <size>0x4</size>
      </object_component>
      <object_component id="oc-41c">
         <name>.data</name>
         <load_address>0x38f8</load_address>
         <run_address>0x38f8</run_address>
         <size>0x1c</size>
         <input_file_ref idref="fl-a"/>
      </object_component>
      <object_component id="oc-68c">
         <name>.data</name>
         <load_address>0x3914</load_address>
         <run_address>0x3914</run_address>
         <size>0xa</size>
         <input_file_ref idref="fl-b"/>
      </object_component>
      <object_component id="oc-419">
         <name>.data</name>
         <load_address>0x3924</load_address>
         <run_address>0x3924</run_address>
         <size>0x2</size>
         <input_file_ref idref="fl-c"/>
      </object_component>
      <object_component id="oc-626">
         <name>.data</name>
         <load_address>0x391e</load_address>
         <run_address>0x391e</run_address>
         <size>0x6</size>
         <input_file_ref idref="fl-e"/>
      </object_component>
      <object_component id="oc-36b">
         <name>.stack</name>
         <uninitialized>true</uninitialized>
         <run_address>0x4360</run_address>
         <size>0x4</size>
         <input_file_ref idref="fl-53"/>
      </object_component>
      <object_component id="oc-841">
         <name>.stack</name>
         <uninitialized>true</uninitialized>
         <run_address>0x4360</run_address>
         <size>0x0</size>
      </object_component>
      <object_component id="oc-518">
         <name>.text:xQueueSemaphoreTake</name>
         <load_address>0x10000</load_address>
         <run_address>0x10000</run_address>
         <size>0x1e0</size>
         <input_file_ref idref="fl-9"/>
      </object_component>
      <object_component id="oc-51e">
         <name>.text:vHAL7SEGWriteDigit</name>
         <load_address>0x101e0</load_address>
         <run_address>0x101e0</run_address>
         <size>0x192</size>
         <input_file_ref idref="fl-4"/>
      </object_component>
      <object_component id="oc-4ee">
         <name>.text:xQueueGenericSend</name>
         <load_address>0x10372</load_address>
         <run_address>0x10372</run_address>
         <size>0x182</size>
         <input_file_ref idref="fl-9"/>
      </object_component>
      <object_component id="oc-79f">
         <name>.text:xQueueReceive</name>
         <load_address>0x104f4</load_address>
         <run_address>0x104f4</run_address>
         <size>0x16e</size>
         <input_file_ref idref="fl-9"/>
      </object_component>
      <object_component id="oc-74a">
         <name>.text:prvProcessReceivedCommands</name>
         <load_address>0x10662</load_address>
         <run_address>0x10662</run_address>
         <size>0xfc</size>
         <input_file_ref idref="fl-b"/>
      </object_component>
      <object_component id="oc-41f">
         <name>.text:xTaskIncrementTick</name>
         <load_address>0x1075e</load_address>
         <run_address>0x1075e</run_address>
         <size>0xf6</size>
         <input_file_ref idref="fl-a"/>
      </object_component>
      <object_component id="oc-6d4">
         <name>.text:UCS_initFLL</name>
         <load_address>0x10854</load_address>
         <run_address>0x10854</run_address>
         <size>0xe2</size>
         <input_file_ref idref="fl-10"/>
      </object_component>
      <object_component id="oc-6c7">
         <name>.text:PMM_setVCoreUp</name>
         <load_address>0x10936</load_address>
         <run_address>0x10936</run_address>
         <size>0xe0</size>
         <input_file_ref idref="fl-f"/>
      </object_component>
      <object_component id="oc-506">
         <name>.text:prvInitialiseNewTask</name>
         <load_address>0x10a16</load_address>
         <run_address>0x10a16</run_address>
         <size>0xd6</size>
         <input_file_ref idref="fl-a"/>
      </object_component>
      <object_component id="oc-602">
         <name>.text:xTaskResumeAll</name>
         <load_address>0x10aec</load_address>
         <run_address>0x10aec</run_address>
         <size>0xd2</size>
         <input_file_ref idref="fl-a"/>
      </object_component>
      <object_component id="oc-425">
         <name>.text:vTaskSwitchContext</name>
         <load_address>0x10bbe</load_address>
         <run_address>0x10bbe</run_address>
         <size>0xca</size>
         <input_file_ref idref="fl-a"/>
      </object_component>
      <object_component id="oc-670">
         <name>.text:xQueueGenericReset</name>
         <load_address>0x10c88</load_address>
         <run_address>0x10c88</run_address>
         <size>0xaa</size>
         <input_file_ref idref="fl-9"/>
      </object_component>
      <object_component id="oc-3e0">
         <name>.text</name>
         <load_address>0x10d32</load_address>
         <run_address>0x10d32</run_address>
         <size>0xa6</size>
         <input_file_ref idref="fl-d"/>
      </object_component>
      <object_component id="oc-6cd">
         <name>.text:PMM_setVCoreDown</name>
         <load_address>0x10dd8</load_address>
         <run_address>0x10dd8</run_address>
         <size>0xa2</size>
         <input_file_ref idref="fl-f"/>
      </object_component>
      <object_component id="oc-5fc">
         <name>.text:prvUnlockQueue</name>
         <load_address>0x10e7a</load_address>
         <run_address>0x10e7a</run_address>
         <size>0xa0</size>
         <input_file_ref idref="fl-9"/>
      </object_component>
      <object_component id="oc-614">
         <name>.text:prvCopyDataToQueue</name>
         <load_address>0x10f1a</load_address>
         <run_address>0x10f1a</run_address>
         <size>0x9a</size>
         <input_file_ref idref="fl-9"/>
      </object_component>
      <object_component id="oc-655">
         <name>.text:xTaskPriorityInherit</name>
         <load_address>0x10fb4</load_address>
         <run_address>0x10fb4</run_address>
         <size>0x98</size>
         <input_file_ref idref="fl-a"/>
      </object_component>
      <object_component id="oc-50c">
         <name>.text:prvAddNewTaskToReadyList</name>
         <load_address>0x1104c</load_address>
         <run_address>0x1104c</run_address>
         <size>0x96</size>
         <input_file_ref idref="fl-a"/>
      </object_component>
      <object_component id="oc-661">
         <name>.text:vTaskPriorityDisinheritAfterTimeout</name>
         <load_address>0x110e2</load_address>
         <run_address>0x110e2</run_address>
         <size>0x94</size>
         <input_file_ref idref="fl-a"/>
      </object_component>
      <object_component id="oc-3f4">
         <name>.text:main</name>
         <load_address>0x11176</load_address>
         <run_address>0x11176</run_address>
         <size>0x86</size>
         <input_file_ref idref="fl-2"/>
      </object_component>
      <object_component id="oc-7ac">
         <name>.text:prvSwitchTimerLists</name>
         <load_address>0x111fc</load_address>
         <run_address>0x111fc</run_address>
         <size>0x86</size>
         <input_file_ref idref="fl-b"/>
      </object_component>
      <object_component id="oc-7bb">
         <name>.text:xQueueGenericSendFromISR</name>
         <load_address>0x11282</load_address>
         <run_address>0x11282</run_address>
         <size>0x82</size>
         <input_file_ref idref="fl-9"/>
      </object_component>
      <object_component id="oc-6f9">
         <name>.text:xTaskPriorityDisinherit</name>
         <load_address>0x11304</load_address>
         <run_address>0x11304</run_address>
         <size>0x80</size>
         <input_file_ref idref="fl-a"/>
      </object_component>
      <object_component id="oc-61a">
         <name>.text:xTaskRemoveFromEventList</name>
         <load_address>0x11384</load_address>
         <run_address>0x11384</run_address>
         <size>0x80</size>
         <input_file_ref idref="fl-a"/>
      </object_component>
      <object_component id="oc-442">
         <name>.text:xTaskCreate</name>
         <load_address>0x11404</load_address>
         <run_address>0x11404</run_address>
         <size>0x7e</size>
         <input_file_ref idref="fl-a"/>
      </object_component>
      <object_component id="oc-4db">
         <name>.text:hal430SetSystemClock</name>
         <load_address>0x11482</load_address>
         <run_address>0x11482</run_address>
         <size>0x7c</size>
         <input_file_ref idref="fl-5"/>
      </object_component>
      <object_component id="oc-6d">
         <name>.text:decompress:lzss:__TI_decompress_lzss</name>
         <load_address>0x114fe</load_address>
         <run_address>0x114fe</run_address>
         <size>0x76</size>
         <input_file_ref idref="fl-5b"/>
      </object_component>
      <object_component id="oc-799">
         <name>.text:xTimerGenericCommand</name>
         <load_address>0x11574</load_address>
         <run_address>0x11574</run_address>
         <size>0x76</size>
         <input_file_ref idref="fl-b"/>
      </object_component>
      <object_component id="oc-5f6">
         <name>.text:xTaskCheckForTimeOut</name>
         <load_address>0x115ea</load_address>
         <run_address>0x115ea</run_address>
         <size>0x74</size>
         <input_file_ref idref="fl-a"/>
      </object_component>
      <object_component id="oc-6f2">
         <name>.text:prvAddCurrentTaskToDelayedList</name>
         <load_address>0x1165e</load_address>
         <run_address>0x1165e</run_address>
         <size>0x6e</size>
         <input_file_ref idref="fl-a"/>
      </object_component>
      <object_component id="oc-744">
         <name>.text:prvProcessTimerOrBlockTask</name>
         <load_address>0x116cc</load_address>
         <run_address>0x116cc</run_address>
         <size>0x68</size>
         <input_file_ref idref="fl-b"/>
      </object_component>
      <object_component id="oc-78c">
         <name>.text:prvProcessExpiredTimer</name>
         <load_address>0x11734</load_address>
         <run_address>0x11734</run_address>
         <size>0x66</size>
         <input_file_ref idref="fl-b"/>
      </object_component>
      <object_component id="oc-4fa">
         <name>.text:pvPortMalloc</name>
         <load_address>0x1179a</load_address>
         <run_address>0x1179a</run_address>
         <size>0x60</size>
         <input_file_ref idref="fl-e"/>
      </object_component>
      <object_component id="oc-686">
         <name>.text:prvCheckForValidListAndQueue</name>
         <load_address>0x117fa</load_address>
         <run_address>0x117fa</run_address>
         <size>0x58</size>
         <input_file_ref idref="fl-b"/>
      </object_component>
      <object_component id="oc-5cb">
         <name>.text</name>
         <load_address>0x11852</load_address>
         <run_address>0x11852</run_address>
         <size>0x58</size>
         <input_file_ref idref="fl-34"/>
      </object_component>
      <object_component id="oc-45e">
         <name>.text:vTaskStartScheduler</name>
         <load_address>0x118aa</load_address>
         <run_address>0x118aa</run_address>
         <size>0x56</size>
         <input_file_ref idref="fl-a"/>
      </object_component>
      <object_component id="oc-489">
         <name>.text:__TI_auto_init_nobinit_nopinit_hold_wdt:__TI_auto_init_nobinit_nopinit_hold_wdt</name>
         <load_address>0x11900</load_address>
         <run_address>0x11900</run_address>
         <size>0x54</size>
         <input_file_ref idref="fl-54"/>
      </object_component>
      <object_component id="oc-5d0">
         <name>.text:PMM_setVCore</name>
         <load_address>0x11954</load_address>
         <run_address>0x11954</run_address>
         <size>0x52</size>
         <input_file_ref idref="fl-f"/>
      </object_component>
      <object_component id="oc-648">
         <name>.text:prvInitialiseTaskLists</name>
         <load_address>0x119a6</load_address>
         <run_address>0x119a6</run_address>
         <size>0x50</size>
         <input_file_ref idref="fl-a"/>
      </object_component>
      <object_component id="oc-786">
         <name>.text:vQueueWaitForMessageRestricted</name>
         <load_address>0x119f6</load_address>
         <run_address>0x119f6</run_address>
         <size>0x4e</size>
         <input_file_ref idref="fl-9"/>
      </object_component>
      <object_component id="oc-454">
         <name>.text:xQueueGenericCreate</name>
         <load_address>0x11a44</load_address>
         <run_address>0x11a44</run_address>
         <size>0x4e</size>
         <input_file_ref idref="fl-9"/>
      </object_component>
      <object_component id="oc-569">
         <name>.text:xTimerCreateTimerTask</name>
         <load_address>0x11a92</load_address>
         <run_address>0x11a92</run_address>
         <size>0x4e</size>
         <input_file_ref idref="fl-b"/>
      </object_component>
      <object_component id="oc-793">
         <name>.text:prvInsertTimerInActiveList</name>
         <load_address>0x11ae0</load_address>
         <run_address>0x11ae0</run_address>
         <size>0x4c</size>
         <input_file_ref idref="fl-b"/>
      </object_component>
      <object_component id="oc-43b">
         <name>.text:prvButtonTaskFunction</name>
         <load_address>0x11b2c</load_address>
         <run_address>0x11b2c</run_address>
         <size>0x40</size>
         <input_file_ref idref="fl-2"/>
      </object_component>
      <object_component id="oc-6ec">
         <name>.text:vListInsert</name>
         <load_address>0x11b6c</load_address>
         <run_address>0x11b6c</run_address>
         <size>0x40</size>
         <input_file_ref idref="fl-8"/>
      </object_component>
      <object_component id="oc-435">
         <name>.text:prvSetupHardware</name>
         <load_address>0x11bac</load_address>
         <run_address>0x11bac</run_address>
         <size>0x3e</size>
         <input_file_ref idref="fl-2"/>
      </object_component>
      <object_component id="oc-4bd">
         <name>.text:uxListRemove</name>
         <load_address>0x11bea</load_address>
         <run_address>0x11bea</run_address>
         <size>0x3a</size>
         <input_file_ref idref="fl-8"/>
      </object_component>
      <object_component id="oc-5d6">
         <name>.text:UCS_initFLLSettle</name>
         <load_address>0x11c24</load_address>
         <run_address>0x11c24</run_address>
         <size>0x36</size>
         <input_file_ref idref="fl-10"/>
      </object_component>
      <object_component id="oc-7b2">
         <name>.text:vTaskPlaceOnEventListRestricted</name>
         <load_address>0x11c5a</load_address>
         <run_address>0x11c5a</run_address>
         <size>0x34</size>
         <input_file_ref idref="fl-a"/>
      </object_component>
      <object_component id="oc-7c2">
         <name>.text:prvCopyDataFromQueue</name>
         <load_address>0x11c8e</load_address>
         <run_address>0x11c8e</run_address>
         <size>0x32</size>
         <input_file_ref idref="fl-9"/>
      </object_component>
      <object_component id="oc-448">
         <name>.text:prvCountingTaskFunction</name>
         <load_address>0x11cc0</load_address>
         <run_address>0x11cc0</run_address>
         <size>0x32</size>
         <input_file_ref idref="fl-2"/>
      </object_component>
      <object_component id="oc-608">
         <name>.text:prvIsQueueFull</name>
         <load_address>0x11cf2</load_address>
         <run_address>0x11cf2</run_address>
         <size>0x2e</size>
         <input_file_ref idref="fl-9"/>
      </object_component>
      <object_component id="oc-64f">
         <name>.text:prvIsQueueEmpty</name>
         <load_address>0x11d20</load_address>
         <run_address>0x11d20</run_address>
         <size>0x2c</size>
         <input_file_ref idref="fl-9"/>
      </object_component>
      <object_component id="oc-4e7">
         <name>.text:vHAL7SEGInit</name>
         <load_address>0x11d4c</load_address>
         <run_address>0x11d4c</run_address>
         <size>0x2c</size>
         <input_file_ref idref="fl-4"/>
      </object_component>
      <object_component id="oc-60e">
         <name>.text:vTaskPlaceOnEventList</name>
         <load_address>0x11d78</load_address>
         <run_address>0x11d78</run_address>
         <size>0x2c</size>
         <input_file_ref idref="fl-a"/>
      </object_component>
      <object_component id="oc-73e">
         <name>.text:prvGetNextExpireTime</name>
         <load_address>0x11da4</load_address>
         <run_address>0x11da4</run_address>
         <size>0x28</size>
         <input_file_ref idref="fl-b"/>
      </object_component>
      <object_component id="oc-784">
         <name>.text:prvSampleTimeNow</name>
         <load_address>0x11dcc</load_address>
         <run_address>0x11dcc</run_address>
         <size>0x28</size>
         <input_file_ref idref="fl-b"/>
      </object_component>
      <object_component id="oc-70c">
         <name>.text:vListInitialise</name>
         <load_address>0x11df4</load_address>
         <run_address>0x11df4</run_address>
         <size>0x28</size>
         <input_file_ref idref="fl-8"/>
      </object_component>
      <object_component id="oc-42b">
         <name>.text:vApplicationSetupTimerInterrupt</name>
         <load_address>0x11e1c</load_address>
         <run_address>0x11e1c</run_address>
         <size>0x26</size>
         <input_file_ref idref="fl-3"/>
      </object_component>
      <object_component id="oc-4c6">
         <name>.text:vListInsertEnd</name>
         <load_address>0x11e42</load_address>
         <run_address>0x11e42</run_address>
         <size>0x26</size>
         <input_file_ref idref="fl-8"/>
      </object_component>
      <object_component id="oc-398">
         <name>.text:decompress:ZI:__TI_zero_init</name>
         <load_address>0x11e68</load_address>
         <run_address>0x11e68</run_address>
         <size>0x24</size>
         <input_file_ref idref="fl-55"/>
      </object_component>
      <object_component id="oc-4b7">
         <name>.text:prvResetNextTaskUnblockTime</name>
         <load_address>0x11e8c</load_address>
         <run_address>0x11e8c</run_address>
         <size>0x24</size>
         <input_file_ref idref="fl-a"/>
      </object_component>
      <object_component id="oc-641">
         <name>.text:pxPortInitialiseStack</name>
         <load_address>0x11eb0</load_address>
         <run_address>0x11eb0</run_address>
         <size>0x24</size>
         <input_file_ref idref="fl-c"/>
      </object_component>
      <object_component id="oc-7a6">
         <name>.text:xTaskGetTickCount</name>
         <load_address>0x11ed4</load_address>
         <run_address>0x11ed4</run_address>
         <size>0x24</size>
         <input_file_ref idref="fl-a"/>
      </object_component>
      <object_component id="oc-52b">
         <name>.text:prvInitialiseNewQueue</name>
         <load_address>0x11ef8</load_address>
         <run_address>0x11ef8</run_address>
         <size>0x20</size>
         <input_file_ref idref="fl-9"/>
      </object_component>
      <object_component id="oc-667">
         <name>.text:pvTaskIncrementMutexHeldCount</name>
         <load_address>0x11f18</load_address>
         <run_address>0x11f18</run_address>
         <size>0x1c</size>
         <input_file_ref idref="fl-a"/>
      </object_component>
      <object_component id="oc-526">
         <name>.text</name>
         <load_address>0x11f34</load_address>
         <run_address>0x11f34</run_address>
         <size>0x18</size>
         <input_file_ref idref="fl-4d"/>
      </object_component>
      <object_component id="oc-5e4">
         <name>.text:xTaskGetSchedulerState</name>
         <load_address>0x11f4c</load_address>
         <run_address>0x11f4c</run_address>
         <size>0x18</size>
         <input_file_ref idref="fl-a"/>
      </object_component>
      <object_component id="oc-635">
         <name>.text:memset</name>
         <load_address>0x11f64</load_address>
         <run_address>0x11f64</run_address>
         <size>0x16</size>
         <input_file_ref idref="fl-60"/>
      </object_component>
      <object_component id="oc-692">
         <name>.text:prvTimerTask</name>
         <load_address>0x11f7a</load_address>
         <run_address>0x11f7a</run_address>
         <size>0x16</size>
         <input_file_ref idref="fl-b"/>
      </object_component>
      <object_component id="oc-37a">
         <name>.text:memcpy</name>
         <load_address>0x11f90</load_address>
         <run_address>0x11f90</run_address>
         <size>0x14</size>
         <input_file_ref idref="fl-5f"/>
      </object_component>
      <object_component id="oc-65b">
         <name>.text:prvGetDisinheritPriorityAfterTimeout</name>
         <load_address>0x11fa4</load_address>
         <run_address>0x11fa4</run_address>
         <size>0x14</size>
         <input_file_ref idref="fl-9"/>
      </object_component>
      <object_component id="oc-44e">
         <name>.text:prvLEDTaskFunction</name>
         <load_address>0x11fb8</load_address>
         <run_address>0x11fb8</run_address>
         <size>0x14</size>
         <input_file_ref idref="fl-2"/>
      </object_component>
      <object_component id="oc-73">
         <name>.text:decompress:none:__TI_decompress_none</name>
         <load_address>0x11fcc</load_address>
         <run_address>0x11fcc</run_address>
         <size>0x12</size>
         <input_file_ref idref="fl-5a"/>
      </object_component>
      <object_component id="oc-562">
         <name>.text:prvIdleTask</name>
         <load_address>0x11fde</load_address>
         <run_address>0x11fde</run_address>
         <size>0x12</size>
         <input_file_ref idref="fl-a"/>
      </object_component>
      <object_component id="oc-4e1">
         <name>.text:vHALInitLED</name>
         <load_address>0x11ff0</load_address>
         <run_address>0x11ff0</run_address>
         <size>0xe</size>
         <input_file_ref idref="fl-6"/>
      </object_component>
      <object_component id="oc-500">
         <name>.text:vPortFree</name>
         <load_address>0x11ffe</load_address>
         <run_address>0x11ffe</run_address>
         <size>0xe</size>
         <input_file_ref idref="fl-e"/>
      </object_component>
      <object_component id="oc-5ea">
         <name>.text:vTaskInternalSetTimeOutState</name>
         <load_address>0x1200c</load_address>
         <run_address>0x1200c</run_address>
         <size>0xe</size>
         <input_file_ref idref="fl-a"/>
      </object_component>
      <object_component id="oc-67f">
         <name>.text:vApplicationIdleHook</name>
         <load_address>0x1201a</load_address>
         <run_address>0x1201a</run_address>
         <size>0xa</size>
         <input_file_ref idref="fl-3"/>
      </object_component>
      <object_component id="oc-62c">
         <name>.text:vApplicationMallocFailedHook</name>
         <load_address>0x12024</load_address>
         <run_address>0x12024</run_address>
         <size>0xa</size>
         <input_file_ref idref="fl-3"/>
      </object_component>
      <object_component id="oc-4d3">
         <name>.text:vApplicationStackOverflowHook</name>
         <load_address>0x1202e</load_address>
         <run_address>0x1202e</run_address>
         <size>0xa</size>
         <input_file_ref idref="fl-3"/>
      </object_component>
      <object_component id="oc-63b">
         <name>.text:vListInitialiseItem</name>
         <load_address>0x12038</load_address>
         <run_address>0x12038</run_address>
         <size>0x8</size>
         <input_file_ref idref="fl-8"/>
      </object_component>
      <object_component id="oc-465">
         <name>.text:abort</name>
         <load_address>0x12040</load_address>
         <run_address>0x12040</run_address>
         <size>0x6</size>
         <input_file_ref idref="fl-5c"/>
      </object_component>
      <object_component id="oc-6e0">
         <name>.text:vTaskMissedYield</name>
         <load_address>0x12046</load_address>
         <run_address>0x12046</run_address>
         <size>0x6</size>
         <input_file_ref idref="fl-a"/>
      </object_component>
      <object_component id="oc-5f0">
         <name>.text:vTaskSuspendAll</name>
         <load_address>0x1204c</load_address>
         <run_address>0x1204c</run_address>
         <size>0x6</size>
         <input_file_ref idref="fl-a"/>
      </object_component>
      <object_component id="oc-3ee">
         <name>.text:_system_pre_init</name>
         <load_address>0x12052</load_address>
         <run_address>0x12052</run_address>
         <size>0x4</size>
         <input_file_ref idref="fl-58"/>
      </object_component>
      <object_component id="oc-582">
         <name>.text:_system_post_cinit</name>
         <load_address>0x12056</load_address>
         <run_address>0x12056</run_address>
         <size>0x2</size>
         <input_file_ref idref="fl-59"/>
      </object_component>
      <object_component id="oc-4cc">
         <name>.text:vApplicationTickHook</name>
         <load_address>0x12058</load_address>
         <run_address>0x12058</run_address>
         <size>0x2</size>
         <input_file_ref idref="fl-3"/>
      </object_component>
      <object_component id="oc-3a4">
         <name>.text:_isr:_c_int00_noargs</name>
         <load_address>0x4400</load_address>
         <run_address>0x4400</run_address>
         <size>0x1c</size>
         <input_file_ref idref="fl-53"/>
      </object_component>
      <object_component id="oc-38c">
         <name>.text:_isr:vTickISREntry</name>
         <load_address>0x441c</load_address>
         <run_address>0x441c</run_address>
         <size>0x10</size>
         <input_file_ref idref="fl-c"/>
      </object_component>
      <object_component id="oc-387">
         <name>.text:_isr:__TI_ISR_TRAP</name>
         <load_address>0x442c</load_address>
         <run_address>0x442c</run_address>
         <size>0x8</size>
         <input_file_ref idref="fl-4a"/>
      </object_component>
      <object_component id="oc-83d">
         <name>__TI_handler_table</name>
         <load_address>0x4458</load_address>
         <run_address>0x4458</run_address>
         <size>0xc</size>
      </object_component>
      <object_component id="oc-840">
         <name>.cinit..data.load</name>
         <load_address>0x4464</load_address>
         <run_address>0x4464</run_address>
         <size>0xa</size>
      </object_component>
      <object_component id="oc-83f">
         <name>.cinit..bss.load</name>
         <load_address>0x446e</load_address>
         <run_address>0x446e</run_address>
         <size>0x6</size>
      </object_component>
      <object_component id="oc-83e">
         <name>__TI_cinit_table</name>
         <load_address>0x4474</load_address>
         <run_address>0x4474</run_address>
         <size>0x10</size>
      </object_component>
      <object_component id="oc-441">
         <name>.const:.string</name>
         <load_address>0x4434</load_address>
         <run_address>0x4434</run_address>
         <size>0x16</size>
         <input_file_ref idref="fl-2"/>
      </object_component>
      <object_component id="oc-698">
         <name>.const:.string</name>
         <load_address>0x444a</load_address>
         <run_address>0x444a</run_address>
         <size>0x8</size>
         <input_file_ref idref="fl-b"/>
      </object_component>
      <object_component id="oc-568">
         <name>.const:.string</name>
         <load_address>0x4452</load_address>
         <run_address>0x4452</run_address>
         <size>0x6</size>
         <input_file_ref idref="fl-a"/>
      </object_component>
      <object_component id="oc-7cf">
         <name>.binit</name>
         <load_address>0x4400</load_address>
         <run_address>0x4400</run_address>
         <size>0x0</size>
      </object_component>
      <object_component id="oc-79">
         <name>.int41</name>
         <load_address>0xffd2</load_address>
         <run_address>0xffd2</run_address>
         <size>0x2</size>
         <input_file_ref idref="fl-35"/>
      </object_component>
      <object_component id="oc-7a">
         <name>.int42</name>
         <load_address>0xffd4</load_address>
         <run_address>0xffd4</run_address>
         <size>0x2</size>
         <input_file_ref idref="fl-36"/>
      </object_component>
      <object_component id="oc-7b">
         <name>.int43</name>
         <load_address>0xffd6</load_address>
         <run_address>0xffd6</run_address>
         <size>0x2</size>
         <input_file_ref idref="fl-37"/>
      </object_component>
      <object_component id="oc-7c">
         <name>.int44</name>
         <load_address>0xffd8</load_address>
         <run_address>0xffd8</run_address>
         <size>0x2</size>
         <input_file_ref idref="fl-38"/>
      </object_component>
      <object_component id="oc-7d">
         <name>.int45</name>
         <load_address>0xffda</load_address>
         <run_address>0xffda</run_address>
         <size>0x2</size>
         <input_file_ref idref="fl-39"/>
      </object_component>
      <object_component id="oc-7e">
         <name>.int46</name>
         <load_address>0xffdc</load_address>
         <run_address>0xffdc</run_address>
         <size>0x2</size>
         <input_file_ref idref="fl-3a"/>
      </object_component>
      <object_component id="oc-7f">
         <name>.int47</name>
         <load_address>0xffde</load_address>
         <run_address>0xffde</run_address>
         <size>0x2</size>
         <input_file_ref idref="fl-3b"/>
      </object_component>
      <object_component id="oc-80">
         <name>.int48</name>
         <load_address>0xffe0</load_address>
         <run_address>0xffe0</run_address>
         <size>0x2</size>
         <input_file_ref idref="fl-3c"/>
      </object_component>
      <object_component id="oc-81">
         <name>.int49</name>
         <load_address>0xffe2</load_address>
         <run_address>0xffe2</run_address>
         <size>0x2</size>
         <input_file_ref idref="fl-3d"/>
      </object_component>
      <object_component id="oc-82">
         <name>.int50</name>
         <load_address>0xffe4</load_address>
         <run_address>0xffe4</run_address>
         <size>0x2</size>
         <input_file_ref idref="fl-3e"/>
      </object_component>
      <object_component id="oc-83">
         <name>.int51</name>
         <load_address>0xffe6</load_address>
         <run_address>0xffe6</run_address>
         <size>0x2</size>
         <input_file_ref idref="fl-3f"/>
      </object_component>
      <object_component id="oc-84">
         <name>.int52</name>
         <load_address>0xffe8</load_address>
         <run_address>0xffe8</run_address>
         <size>0x2</size>
         <input_file_ref idref="fl-40"/>
      </object_component>
      <object_component id="oc-85">
         <name>.int53</name>
         <load_address>0xffea</load_address>
         <run_address>0xffea</run_address>
         <size>0x2</size>
         <input_file_ref idref="fl-c"/>
      </object_component>
      <object_component id="oc-86">
         <name>.int54</name>
         <load_address>0xffec</load_address>
         <run_address>0xffec</run_address>
         <size>0x2</size>
         <input_file_ref idref="fl-41"/>
      </object_component>
      <object_component id="oc-87">
         <name>.int55</name>
         <load_address>0xffee</load_address>
         <run_address>0xffee</run_address>
         <size>0x2</size>
         <input_file_ref idref="fl-42"/>
      </object_component>
      <object_component id="oc-88">
         <name>.int56</name>
         <load_address>0xfff0</load_address>
         <run_address>0xfff0</run_address>
         <size>0x2</size>
         <input_file_ref idref="fl-43"/>
      </object_component>
      <object_component id="oc-89">
         <name>.int57</name>
         <load_address>0xfff2</load_address>
         <run_address>0xfff2</run_address>
         <size>0x2</size>
         <input_file_ref idref="fl-44"/>
      </object_component>
      <object_component id="oc-8a">
         <name>.int58</name>
         <load_address>0xfff4</load_address>
         <run_address>0xfff4</run_address>
         <size>0x2</size>
         <input_file_ref idref="fl-45"/>
      </object_component>
      <object_component id="oc-8b">
         <name>.int59</name>
         <load_address>0xfff6</load_address>
         <run_address>0xfff6</run_address>
         <size>0x2</size>
         <input_file_ref idref="fl-46"/>
      </object_component>
      <object_component id="oc-8c">
         <name>.int60</name>
         <load_address>0xfff8</load_address>
         <run_address>0xfff8</run_address>
         <size>0x2</size>
         <input_file_ref idref="fl-47"/>
      </object_component>
      <object_component id="oc-8d">
         <name>.int61</name>
         <load_address>0xfffa</load_address>
         <run_address>0xfffa</run_address>
         <size>0x2</size>
         <input_file_ref idref="fl-48"/>
      </object_component>
      <object_component id="oc-8e">
         <name>.int62</name>
         <load_address>0xfffc</load_address>
         <run_address>0xfffc</run_address>
         <size>0x2</size>
         <input_file_ref idref="fl-49"/>
      </object_component>
      <object_component id="oc-36e">
         <name>.reset</name>
         <load_address>0xfffe</load_address>
         <run_address>0xfffe</run_address>
         <size>0x2</size>
         <input_file_ref idref="fl-53"/>
      </object_component>
      <object_component id="oc-45b">
         <name>.debug_info</name>
         <load_address>0x0</load_address>
         <run_address>0x0</run_address>
         <size>0x639</size>
         <input_file_ref idref="fl-2"/>
      </object_component>
      <object_component id="oc-44f">
         <name>.debug_info</name>
         <load_address>0x639</load_address>
         <run_address>0x639</run_address>
         <size>0x148</size>
         <input_file_ref idref="fl-2"/>
      </object_component>
      <object_component id="oc-449">
         <name>.debug_info</name>
         <load_address>0x781</load_address>
         <run_address>0x781</run_address>
         <size>0x19a</size>
         <input_file_ref idref="fl-2"/>
      </object_component>
      <object_component id="oc-43c">
         <name>.debug_info</name>
         <load_address>0x91b</load_address>
         <run_address>0x91b</run_address>
         <size>0x1b3</size>
         <input_file_ref idref="fl-2"/>
      </object_component>
      <object_component id="oc-436">
         <name>.debug_info</name>
         <load_address>0xace</load_address>
         <run_address>0xace</run_address>
         <size>0x14f</size>
         <input_file_ref idref="fl-2"/>
      </object_component>
      <object_component id="oc-3f5">
         <name>.debug_info</name>
         <load_address>0xc1d</load_address>
         <run_address>0xc1d</run_address>
         <size>0x18d</size>
         <input_file_ref idref="fl-2"/>
      </object_component>
      <object_component id="oc-54e">
         <name>.debug_info</name>
         <load_address>0xdaa</load_address>
         <run_address>0xdaa</run_address>
         <size>0x315</size>
         <input_file_ref idref="fl-2"/>
      </object_component>
      <object_component id="oc-549">
         <name>.debug_info</name>
         <load_address>0x10bf</load_address>
         <run_address>0x10bf</run_address>
         <size>0x26b</size>
         <input_file_ref idref="fl-2"/>
      </object_component>
      <object_component id="oc-558">
         <name>.debug_info</name>
         <load_address>0x132a</load_address>
         <run_address>0x132a</run_address>
         <size>0x3e3</size>
         <input_file_ref idref="fl-2"/>
      </object_component>
      <object_component id="oc-53f">
         <name>.debug_info</name>
         <load_address>0x170d</load_address>
         <run_address>0x170d</run_address>
         <size>0x4f</size>
         <input_file_ref idref="fl-2"/>
      </object_component>
      <object_component id="oc-55d">
         <name>.debug_info</name>
         <load_address>0x175c</load_address>
         <run_address>0x175c</run_address>
         <size>0x2c</size>
         <input_file_ref idref="fl-2"/>
      </object_component>
      <object_component id="oc-375">
         <name>.debug_info</name>
         <load_address>0x1788</load_address>
         <run_address>0x1788</run_address>
         <size>0x84</size>
         <input_file_ref idref="fl-2"/>
      </object_component>
      <object_component id="oc-513">
         <name>.debug_info</name>
         <load_address>0x180c</load_address>
         <run_address>0x180c</run_address>
         <size>0x2c</size>
         <input_file_ref idref="fl-2"/>
      </object_component>
      <object_component id="oc-621">
         <name>.debug_info</name>
         <load_address>0x1838</load_address>
         <run_address>0x1838</run_address>
         <size>0x282</size>
         <input_file_ref idref="fl-2"/>
      </object_component>
      <object_component id="oc-4f5">
         <name>.debug_info</name>
         <load_address>0x1aba</load_address>
         <run_address>0x1aba</run_address>
         <size>0xbb</size>
         <input_file_ref idref="fl-2"/>
      </object_component>
      <object_component id="oc-4aa">
         <name>.debug_info</name>
         <load_address>0x1b75</load_address>
         <run_address>0x1b75</run_address>
         <size>0x53</size>
         <input_file_ref idref="fl-2"/>
      </object_component>
      <object_component id="oc-544">
         <name>.debug_info</name>
         <load_address>0x1bc8</load_address>
         <run_address>0x1bc8</run_address>
         <size>0xcc</size>
         <input_file_ref idref="fl-2"/>
      </object_component>
      <object_component id="oc-553">
         <name>.debug_info</name>
         <load_address>0x1c94</load_address>
         <run_address>0x1c94</run_address>
         <size>0x14c</size>
         <input_file_ref idref="fl-2"/>
      </object_component>
      <object_component id="oc-5ca">
         <name>.debug_info</name>
         <load_address>0x1de0</load_address>
         <run_address>0x1de0</run_address>
         <size>0x341</size>
         <input_file_ref idref="fl-3"/>
      </object_component>
      <object_component id="oc-4ce">
         <name>.debug_info</name>
         <load_address>0x2121</load_address>
         <run_address>0x2121</run_address>
         <size>0x118</size>
         <input_file_ref idref="fl-3"/>
      </object_component>
      <object_component id="oc-4d5">
         <name>.debug_info</name>
         <load_address>0x2239</load_address>
         <run_address>0x2239</run_address>
         <size>0x156</size>
         <input_file_ref idref="fl-3"/>
      </object_component>
      <object_component id="oc-42d">
         <name>.debug_info</name>
         <load_address>0x238f</load_address>
         <run_address>0x238f</run_address>
         <size>0x12e</size>
         <input_file_ref idref="fl-3"/>
      </object_component>
      <object_component id="oc-62e">
         <name>.debug_info</name>
         <load_address>0x24bd</load_address>
         <run_address>0x24bd</run_address>
         <size>0x11d</size>
         <input_file_ref idref="fl-3"/>
      </object_component>
      <object_component id="oc-681">
         <name>.debug_info</name>
         <load_address>0x25da</load_address>
         <run_address>0x25da</run_address>
         <size>0x118</size>
         <input_file_ref idref="fl-3"/>
      </object_component>
      <object_component id="oc-5b1">
         <name>.debug_info</name>
         <load_address>0x26f2</load_address>
         <run_address>0x26f2</run_address>
         <size>0x4f</size>
         <input_file_ref idref="fl-3"/>
      </object_component>
      <object_component id="oc-51f">
         <name>.debug_info</name>
         <load_address>0x2741</load_address>
         <run_address>0x2741</run_address>
         <size>0x1f5</size>
         <input_file_ref idref="fl-4"/>
      </object_component>
      <object_component id="oc-4e9">
         <name>.debug_info</name>
         <load_address>0x2936</load_address>
         <run_address>0x2936</run_address>
         <size>0x1bf</size>
         <input_file_ref idref="fl-4"/>
      </object_component>
      <object_component id="oc-4dc">
         <name>.debug_info</name>
         <load_address>0x2af5</load_address>
         <run_address>0x2af5</run_address>
         <size>0x334</size>
         <input_file_ref idref="fl-5"/>
      </object_component>
      <object_component id="oc-5dd">
         <name>.debug_info</name>
         <load_address>0x2e29</load_address>
         <run_address>0x2e29</run_address>
         <size>0x8b</size>
         <input_file_ref idref="fl-5"/>
      </object_component>
      <object_component id="oc-4e4">
         <name>.debug_info</name>
         <load_address>0x2eb4</load_address>
         <run_address>0x2eb4</run_address>
         <size>0x1ba</size>
         <input_file_ref idref="fl-6"/>
      </object_component>
      <object_component id="oc-67e">
         <name>.debug_info</name>
         <load_address>0x306e</load_address>
         <run_address>0x306e</run_address>
         <size>0x613</size>
         <input_file_ref idref="fl-7"/>
      </object_component>
      <object_component id="oc-538">
         <name>.debug_info</name>
         <load_address>0x3681</load_address>
         <run_address>0x3681</run_address>
         <size>0x110</size>
         <input_file_ref idref="fl-7"/>
      </object_component>
      <object_component id="oc-5bb">
         <name>.debug_info</name>
         <load_address>0x3791</load_address>
         <run_address>0x3791</run_address>
         <size>0x3e3</size>
         <input_file_ref idref="fl-7"/>
      </object_component>
      <object_component id="oc-724">
         <name>.debug_info</name>
         <load_address>0x3b74</load_address>
         <run_address>0x3b74</run_address>
         <size>0x62</size>
         <input_file_ref idref="fl-7"/>
      </object_component>
      <object_component id="oc-729">
         <name>.debug_info</name>
         <load_address>0x3bd6</load_address>
         <run_address>0x3bd6</run_address>
         <size>0x39</size>
         <input_file_ref idref="fl-7"/>
      </object_component>
      <object_component id="oc-5c4">
         <name>.debug_info</name>
         <load_address>0x3c0f</load_address>
         <run_address>0x3c0f</run_address>
         <size>0x29b</size>
         <input_file_ref idref="fl-8"/>
      </object_component>
      <object_component id="oc-4ca">
         <name>.debug_info</name>
         <load_address>0x3eaa</load_address>
         <run_address>0x3eaa</run_address>
         <size>0x24a</size>
         <input_file_ref idref="fl-8"/>
      </object_component>
      <object_component id="oc-6ef">
         <name>.debug_info</name>
         <load_address>0x40f4</load_address>
         <run_address>0x40f4</run_address>
         <size>0x275</size>
         <input_file_ref idref="fl-8"/>
      </object_component>
      <object_component id="oc-63f">
         <name>.debug_info</name>
         <load_address>0x4369</load_address>
         <run_address>0x4369</run_address>
         <size>0x1f7</size>
         <input_file_ref idref="fl-8"/>
      </object_component>
      <object_component id="oc-70f">
         <name>.debug_info</name>
         <load_address>0x4560</load_address>
         <run_address>0x4560</run_address>
         <size>0x1ef</size>
         <input_file_ref idref="fl-8"/>
      </object_component>
      <object_component id="oc-4c1">
         <name>.debug_info</name>
         <load_address>0x474f</load_address>
         <run_address>0x474f</run_address>
         <size>0x222</size>
         <input_file_ref idref="fl-8"/>
      </object_component>
      <object_component id="oc-537">
         <name>.debug_info</name>
         <load_address>0x4971</load_address>
         <run_address>0x4971</run_address>
         <size>0x85b</size>
         <input_file_ref idref="fl-9"/>
      </object_component>
      <object_component id="oc-651">
         <name>.debug_info</name>
         <load_address>0x51cc</load_address>
         <run_address>0x51cc</run_address>
         <size>0x213</size>
         <input_file_ref idref="fl-9"/>
      </object_component>
      <object_component id="oc-5fe">
         <name>.debug_info</name>
         <load_address>0x53df</load_address>
         <run_address>0x53df</run_address>
         <size>0x290</size>
         <input_file_ref idref="fl-9"/>
      </object_component>
      <object_component id="oc-65d">
         <name>.debug_info</name>
         <load_address>0x566f</load_address>
         <run_address>0x566f</run_address>
         <size>0x26d</size>
         <input_file_ref idref="fl-9"/>
      </object_component>
      <object_component id="oc-51a">
         <name>.debug_info</name>
         <load_address>0x58dc</load_address>
         <run_address>0x58dc</run_address>
         <size>0x537</size>
         <input_file_ref idref="fl-9"/>
      </object_component>
      <object_component id="oc-7c4">
         <name>.debug_info</name>
         <load_address>0x5e13</load_address>
         <run_address>0x5e13</run_address>
         <size>0x241</size>
         <input_file_ref idref="fl-9"/>
      </object_component>
      <object_component id="oc-7a1">
         <name>.debug_info</name>
         <load_address>0x6054</load_address>
         <run_address>0x6054</run_address>
         <size>0x47c</size>
         <input_file_ref idref="fl-9"/>
      </object_component>
      <object_component id="oc-60a">
         <name>.debug_info</name>
         <load_address>0x64d0</load_address>
         <run_address>0x64d0</run_address>
         <size>0x211</size>
         <input_file_ref idref="fl-9"/>
      </object_component>
      <object_component id="oc-616">
         <name>.debug_info</name>
         <load_address>0x66e1</load_address>
         <run_address>0x66e1</run_address>
         <size>0x2d5</size>
         <input_file_ref idref="fl-9"/>
      </object_component>
      <object_component id="oc-4f0">
         <name>.debug_info</name>
         <load_address>0x69b6</load_address>
         <run_address>0x69b6</run_address>
         <size>0x4d0</size>
         <input_file_ref idref="fl-9"/>
      </object_component>
      <object_component id="oc-7bd">
         <name>.debug_info</name>
         <load_address>0x6e86</load_address>
         <run_address>0x6e86</run_address>
         <size>0x38a</size>
         <input_file_ref idref="fl-9"/>
      </object_component>
      <object_component id="oc-672">
         <name>.debug_info</name>
         <load_address>0x7210</load_address>
         <run_address>0x7210</run_address>
         <size>0x2ce</size>
         <input_file_ref idref="fl-9"/>
      </object_component>
      <object_component id="oc-52d">
         <name>.debug_info</name>
         <load_address>0x74de</load_address>
         <run_address>0x74de</run_address>
         <size>0x2f0</size>
         <input_file_ref idref="fl-9"/>
      </object_component>
      <object_component id="oc-456">
         <name>.debug_info</name>
         <load_address>0x77ce</load_address>
         <run_address>0x77ce</run_address>
         <size>0x301</size>
         <input_file_ref idref="fl-9"/>
      </object_component>
      <object_component id="oc-789">
         <name>.debug_info</name>
         <load_address>0x7acf</load_address>
         <run_address>0x7acf</run_address>
         <size>0x2b1</size>
         <input_file_ref idref="fl-9"/>
      </object_component>
      <object_component id="oc-679">
         <name>.debug_info</name>
         <load_address>0x7d80</load_address>
         <run_address>0x7d80</run_address>
         <size>0x1c7</size>
         <input_file_ref idref="fl-9"/>
      </object_component>
      <object_component id="oc-532">
         <name>.debug_info</name>
         <load_address>0x7f47</load_address>
         <run_address>0x7f47</run_address>
         <size>0x46</size>
         <input_file_ref idref="fl-9"/>
      </object_component>
      <object_component id="oc-4a9">
         <name>.debug_info</name>
         <load_address>0x7f8d</load_address>
         <run_address>0x7f8d</run_address>
         <size>0x7f8</size>
         <input_file_ref idref="fl-a"/>
      </object_component>
      <object_component id="oc-41d">
         <name>.debug_info</name>
         <load_address>0x8785</load_address>
         <run_address>0x8785</run_address>
         <size>0x336</size>
         <input_file_ref idref="fl-a"/>
      </object_component>
      <object_component id="oc-4c4">
         <name>.debug_info</name>
         <load_address>0x8abb</load_address>
         <run_address>0x8abb</run_address>
         <size>0x126</size>
         <input_file_ref idref="fl-a"/>
      </object_component>
      <object_component id="oc-713">
         <name>.debug_info</name>
         <load_address>0x8be1</load_address>
         <run_address>0x8be1</run_address>
         <size>0x126</size>
         <input_file_ref idref="fl-a"/>
      </object_component>
      <object_component id="oc-716">
         <name>.debug_info</name>
         <load_address>0x8d07</load_address>
         <run_address>0x8d07</run_address>
         <size>0x126</size>
         <input_file_ref idref="fl-a"/>
      </object_component>
      <object_component id="oc-4b5">
         <name>.debug_info</name>
         <load_address>0x8e2d</load_address>
         <run_address>0x8e2d</run_address>
         <size>0x169</size>
         <input_file_ref idref="fl-a"/>
      </object_component>
      <object_component id="oc-6e8">
         <name>.debug_info</name>
         <load_address>0x8f96</load_address>
         <run_address>0x8f96</run_address>
         <size>0x126</size>
         <input_file_ref idref="fl-a"/>
      </object_component>
      <object_component id="oc-719">
         <name>.debug_info</name>
         <load_address>0x90bc</load_address>
         <run_address>0x90bc</run_address>
         <size>0x128</size>
         <input_file_ref idref="fl-a"/>
      </object_component>
      <object_component id="oc-4b8">
         <name>.debug_info</name>
         <load_address>0x91e4</load_address>
         <run_address>0x91e4</run_address>
         <size>0x1f5</size>
         <input_file_ref idref="fl-a"/>
      </object_component>
      <object_component id="oc-420">
         <name>.debug_info</name>
         <load_address>0x93d9</load_address>
         <run_address>0x93d9</run_address>
         <size>0x2fb</size>
         <input_file_ref idref="fl-a"/>
      </object_component>
      <object_component id="oc-603">
         <name>.debug_info</name>
         <load_address>0x96d4</load_address>
         <run_address>0x96d4</run_address>
         <size>0x2b3</size>
         <input_file_ref idref="fl-a"/>
      </object_component>
      <object_component id="oc-61b">
         <name>.debug_info</name>
         <load_address>0x9987</load_address>
         <run_address>0x9987</run_address>
         <size>0x2ab</size>
         <input_file_ref idref="fl-a"/>
      </object_component>
      <object_component id="oc-656">
         <name>.debug_info</name>
         <load_address>0x9c32</load_address>
         <run_address>0x9c32</run_address>
         <size>0x287</size>
         <input_file_ref idref="fl-a"/>
      </object_component>
      <object_component id="oc-6fa">
         <name>.debug_info</name>
         <load_address>0x9eb9</load_address>
         <run_address>0x9eb9</run_address>
         <size>0x277</size>
         <input_file_ref idref="fl-a"/>
      </object_component>
      <object_component id="oc-6f3">
         <name>.debug_info</name>
         <load_address>0xa130</load_address>
         <run_address>0xa130</run_address>
         <size>0x322</size>
         <input_file_ref idref="fl-a"/>
      </object_component>
      <object_component id="oc-7a7">
         <name>.debug_info</name>
         <load_address>0xa452</load_address>
         <run_address>0xa452</run_address>
         <size>0x1e8</size>
         <input_file_ref idref="fl-a"/>
      </object_component>
      <object_component id="oc-5e5">
         <name>.debug_info</name>
         <load_address>0xa63a</load_address>
         <run_address>0xa63a</run_address>
         <size>0x1f4</size>
         <input_file_ref idref="fl-a"/>
      </object_component>
      <object_component id="oc-507">
         <name>.debug_info</name>
         <load_address>0xa82e</load_address>
         <run_address>0xa82e</run_address>
         <size>0x41f</size>
         <input_file_ref idref="fl-a"/>
      </object_component>
      <object_component id="oc-649">
         <name>.debug_info</name>
         <load_address>0xac4d</load_address>
         <run_address>0xac4d</run_address>
         <size>0x263</size>
         <input_file_ref idref="fl-a"/>
      </object_component>
      <object_component id="oc-50d">
         <name>.debug_info</name>
         <load_address>0xaeb0</load_address>
         <run_address>0xaeb0</run_address>
         <size>0x251</size>
         <input_file_ref idref="fl-a"/>
      </object_component>
      <object_component id="oc-443">
         <name>.debug_info</name>
         <load_address>0xb101</load_address>
         <run_address>0xb101</run_address>
         <size>0x3e9</size>
         <input_file_ref idref="fl-a"/>
      </object_component>
      <object_component id="oc-5eb">
         <name>.debug_info</name>
         <load_address>0xb4ea</load_address>
         <run_address>0xb4ea</run_address>
         <size>0x21b</size>
         <input_file_ref idref="fl-a"/>
      </object_component>
      <object_component id="oc-5f7">
         <name>.debug_info</name>
         <load_address>0xb705</load_address>
         <run_address>0xb705</run_address>
         <size>0x2d7</size>
         <input_file_ref idref="fl-a"/>
      </object_component>
      <object_component id="oc-426">
         <name>.debug_info</name>
         <load_address>0xb9dc</load_address>
         <run_address>0xb9dc</run_address>
         <size>0x250</size>
         <input_file_ref idref="fl-a"/>
      </object_component>
      <object_component id="oc-5f1">
         <name>.debug_info</name>
         <load_address>0xbc2c</load_address>
         <run_address>0xbc2c</run_address>
         <size>0x1cb</size>
         <input_file_ref idref="fl-a"/>
      </object_component>
      <object_component id="oc-45f">
         <name>.debug_info</name>
         <load_address>0xbdf7</load_address>
         <run_address>0xbdf7</run_address>
         <size>0x232</size>
         <input_file_ref idref="fl-a"/>
      </object_component>
      <object_component id="oc-662">
         <name>.debug_info</name>
         <load_address>0xc029</load_address>
         <run_address>0xc029</run_address>
         <size>0x350</size>
         <input_file_ref idref="fl-a"/>
      </object_component>
      <object_component id="oc-7b3">
         <name>.debug_info</name>
         <load_address>0xc379</load_address>
         <run_address>0xc379</run_address>
         <size>0x2fb</size>
         <input_file_ref idref="fl-a"/>
      </object_component>
      <object_component id="oc-60f">
         <name>.debug_info</name>
         <load_address>0xc674</load_address>
         <run_address>0xc674</run_address>
         <size>0x28e</size>
         <input_file_ref idref="fl-a"/>
      </object_component>
      <object_component id="oc-6e1">
         <name>.debug_info</name>
         <load_address>0xc902</load_address>
         <run_address>0xc902</run_address>
         <size>0x1cd</size>
         <input_file_ref idref="fl-a"/>
      </object_component>
      <object_component id="oc-668">
         <name>.debug_info</name>
         <load_address>0xcacf</load_address>
         <run_address>0xcacf</run_address>
         <size>0x1eb</size>
         <input_file_ref idref="fl-a"/>
      </object_component>
      <object_component id="oc-563">
         <name>.debug_info</name>
         <load_address>0xccba</load_address>
         <run_address>0xccba</run_address>
         <size>0x209</size>
         <input_file_ref idref="fl-a"/>
      </object_component>
      <object_component id="oc-4af">
         <name>.debug_info</name>
         <load_address>0xcec3</load_address>
         <run_address>0xcec3</run_address>
         <size>0x30c</size>
         <input_file_ref idref="fl-a"/>
      </object_component>
      <object_component id="oc-5b6">
         <name>.debug_info</name>
         <load_address>0xd1cf</load_address>
         <run_address>0xd1cf</run_address>
         <size>0x11a</size>
         <input_file_ref idref="fl-a"/>
      </object_component>
      <object_component id="oc-73b">
         <name>.debug_info</name>
         <load_address>0xd2e9</load_address>
         <run_address>0xd2e9</run_address>
         <size>0x7cb</size>
         <input_file_ref idref="fl-b"/>
      </object_component>
      <object_component id="oc-730">
         <name>.debug_info</name>
         <load_address>0xdab4</load_address>
         <run_address>0xdab4</run_address>
         <size>0x126</size>
         <input_file_ref idref="fl-b"/>
      </object_component>
      <object_component id="oc-733">
         <name>.debug_info</name>
         <load_address>0xdbda</load_address>
         <run_address>0xdbda</run_address>
         <size>0x126</size>
         <input_file_ref idref="fl-b"/>
      </object_component>
      <object_component id="oc-736">
         <name>.debug_info</name>
         <load_address>0xdd00</load_address>
         <run_address>0xdd00</run_address>
         <size>0x15e</size>
         <input_file_ref idref="fl-b"/>
      </object_component>
      <object_component id="oc-690">
         <name>.debug_info</name>
         <load_address>0xde5e</load_address>
         <run_address>0xde5e</run_address>
         <size>0x14a</size>
         <input_file_ref idref="fl-b"/>
      </object_component>
      <object_component id="oc-79b">
         <name>.debug_info</name>
         <load_address>0xdfa8</load_address>
         <run_address>0xdfa8</run_address>
         <size>0x3e0</size>
         <input_file_ref idref="fl-b"/>
      </object_component>
      <object_component id="oc-687">
         <name>.debug_info</name>
         <load_address>0xe388</load_address>
         <run_address>0xe388</run_address>
         <size>0x22d</size>
         <input_file_ref idref="fl-b"/>
      </object_component>
      <object_component id="oc-56a">
         <name>.debug_info</name>
         <load_address>0xe5b5</load_address>
         <run_address>0xe5b5</run_address>
         <size>0x228</size>
         <input_file_ref idref="fl-b"/>
      </object_component>
      <object_component id="oc-73f">
         <name>.debug_info</name>
         <load_address>0xe7dd</load_address>
         <run_address>0xe7dd</run_address>
         <size>0x24c</size>
         <input_file_ref idref="fl-b"/>
      </object_component>
      <object_component id="oc-7ad">
         <name>.debug_info</name>
         <load_address>0xea29</load_address>
         <run_address>0xea29</run_address>
         <size>0x28e</size>
         <input_file_ref idref="fl-b"/>
      </object_component>
      <object_component id="oc-68d">
         <name>.debug_info</name>
         <load_address>0xecb7</load_address>
         <run_address>0xecb7</run_address>
         <size>0x2b1</size>
         <input_file_ref idref="fl-b"/>
      </object_component>
      <object_component id="oc-795">
         <name>.debug_info</name>
         <load_address>0xef68</load_address>
         <run_address>0xef68</run_address>
         <size>0x324</size>
         <input_file_ref idref="fl-b"/>
      </object_component>
      <object_component id="oc-78d">
         <name>.debug_info</name>
         <load_address>0xf28c</load_address>
         <run_address>0xf28c</run_address>
         <size>0x2c8</size>
         <input_file_ref idref="fl-b"/>
      </object_component>
      <object_component id="oc-746">
         <name>.debug_info</name>
         <load_address>0xf554</load_address>
         <run_address>0xf554</run_address>
         <size>0x387</size>
         <input_file_ref idref="fl-b"/>
      </object_component>
      <object_component id="oc-74c">
         <name>.debug_info</name>
         <load_address>0xf8db</load_address>
         <run_address>0xf8db</run_address>
         <size>0x317</size>
         <input_file_ref idref="fl-b"/>
      </object_component>
      <object_component id="oc-693">
         <name>.debug_info</name>
         <load_address>0xfbf2</load_address>
         <run_address>0xfbf2</run_address>
         <size>0x263</size>
         <input_file_ref idref="fl-b"/>
      </object_component>
      <object_component id="oc-77e">
         <name>.debug_info</name>
         <load_address>0xfe55</load_address>
         <run_address>0xfe55</run_address>
         <size>0x1ba</size>
         <input_file_ref idref="fl-b"/>
      </object_component>
      <object_component id="oc-779">
         <name>.debug_info</name>
         <load_address>0x1000f</load_address>
         <run_address>0x1000f</run_address>
         <size>0x46</size>
         <input_file_ref idref="fl-b"/>
      </object_component>
      <object_component id="oc-4a6">
         <name>.debug_info</name>
         <load_address>0x10055</load_address>
         <run_address>0x10055</run_address>
         <size>0x378</size>
         <input_file_ref idref="fl-c"/>
      </object_component>
[...]
      <symbol id="sm-2bf">
         <name>UCA1IRCTL_L</name>
         <value>0x612</value>
      </symbol>
      <symbol id="sm-2c0">
         <name>UCA1IRCTL_H</name>
         <value>0x613</value>
      </symbol>
      <symbol id="sm-2c1">
         <name>UCA1ICTL</name>
         <value>0x61c</value>
      </symbol>
      <symbol id="sm-2c2">
         <name>UCA1ICTL_L</name>
         <value>0x61c</value>
      </symbol>
      <symbol id="sm-2c3">
         <name>UCA1ICTL_H</name>
         <value>0x61d</value>
      </symbol>
      <symbol id="sm-2c4">
         <name>UCA1IV</name>
         <value>0x61e</value>
      </symbol>
      <symbol id="sm-2c5">
         <name>UCB1CTLW0</name>
         <value>0x620</value>
      </symbol>
      <symbol id="sm-2c6">
         <name>UCB1CTLW0_L</name>
         <value>0x620</value>
      </symbol>
      <symbol id="sm-2c7">
         <name>UCB1CTLW0_H</name>
         <value>0x621</value>
      </symbol>
      <symbol id="sm-2c8">
         <name>UCB1BRW</name>
         <value>0x626</value>
      </symbol>
      <symbol id="sm-2c9">
         <name>UCB1BRW_L</name>
         <value>0x626</value>
      </symbol>
      <symbol id="sm-2ca">
         <name>UCB1BRW_H</name>
         <value>0x627</value>
      </symbol>
      <symbol id="sm-2cb">
         <name>UCB1STAT</name>
         <value>0x62a</value>
      </symbol>
      <symbol id="sm-2cc">
         <name>UCB1RXBUF</name>
         <value>0x62c</value>
      </symbol>
      <symbol id="sm-2cd">
         <name>UCB1TXBUF</name>
         <value>0x62e</value>
      </symbol>
      <symbol id="sm-2ce">
         <name>UCB1I2COA</name>
         <value>0x630</value>
      </symbol>
      <symbol id="sm-2cf">
         <name>UCB1I2COA_L</name>
         <value>0x630</value>
      </symbol>
      <symbol id="sm-2d0">
         <name>UCB1I2COA_H</name>
         <value>0x631</value>
      </symbol>
      <symbol id="sm-2d1">
         <name>UCB1I2CSA</name>
         <value>0x632</value>
      </symbol>
      <symbol id="sm-2d2">
         <name>UCB1I2CSA_L</name>
         <value>0x632</value>
      </symbol>
      <symbol id="sm-2d3">
         <name>UCB1I2CSA_H</name>
         <value>0x633</value>
      </symbol>
      <symbol id="sm-2d4">
         <name>UCB1ICTL</name>
         <value>0x63c</value>
      </symbol>
      <symbol id="sm-2d5">
         <name>UCB1ICTL_L</name>
         <value>0x63c</value>
      </symbol>
      <symbol id="sm-2d6">
         <name>UCB1ICTL_H</name>
         <value>0x63d</value>
      </symbol>
      <symbol id="sm-2d7">
         <name>UCB1IV</name>
         <value>0x63e</value>
      </symbol>
      <symbol id="sm-2d8">
         <name>WDTCTL</name>
         <value>0x15c</value>
      </symbol>
      <symbol id="sm-2d9">
         <name>WDTCTL_L</name>
         <value>0x15c</value>
      </symbol>
      <symbol id="sm-2da">
         <name>WDTCTL_H</name>
         <value>0x15d</value>
      </symbol>
      <symbol id="sm-2db">
         <name>__TI_CINIT_Base</name>
         <value>0x4474</value>
      </symbol>
      <symbol id="sm-2dc">
         <name>__TI_CINIT_Limit</name>
         <value>0x4484</value>
      </symbol>
      <symbol id="sm-2dd">
         <name>__TI_Handler_Table_Base</name>
         <value>0x4458</value>
      </symbol>
      <symbol id="sm-2de">
         <name>__TI_Handler_Table_Limit</name>
         <value>0x4464</value>
      </symbol>
      <symbol id="sm-2df">
         <name>__STACK_SIZE</name>
         <value>0xa0</value>
      </symbol>
      <symbol id="sm-2e0">
         <name>__STACK_END</name>
         <value>0x4400</value>
      </symbol>
      <symbol id="sm-2e1">
         <name>__c_args__</name>
         <value>0xffffffff</value>
      </symbol>
      <symbol id="sm-2e2">
         <name>__TI_pprof_out_hndl</name>
         <value>0xffffffff</value>
      </symbol>
      <symbol id="sm-2e3">
         <name>__TI_prof_data_start</name>
         <value>0xffffffff</value>
      </symbol>
      <symbol id="sm-2e4">
         <name>__TI_prof_data_size</name>
         <value>0xffffffff</value>
      </symbol>
      <symbol id="sm-3b5">
         <name>xEvent_ButtonPressed</name>
         <value>0x38f0</value>
      </symbol>
      <symbol id="sm-3b6">
         <name>xEvent_Counting</name>
         <value>0x38f4</value>
      </symbol>
      <symbol id="sm-3b7">
         <name>main</name>
         <value>0x11176</value>
         <object_component_ref idref="oc-3f4"/>
      </symbol>
      <symbol id="sm-3e6">
         <name>vApplicationStackOverflowHook</name>
         <value>0x1202e</value>
         <object_component_ref idref="oc-4d3"/>
      </symbol>
      <symbol id="sm-3e7">
         <name>vApplicationIdleHook</name>
         <value>0x1201a</value>
         <object_component_ref idref="oc-67f"/>
      </symbol>
      <symbol id="sm-3e8">
         <name>vApplicationSetupTimerInterrupt</name>
         <value>0x11e1c</value>
         <object_component_ref idref="oc-42b"/>
      </symbol>
      <symbol id="sm-3e9">
         <name>vApplicationTickHook</name>
         <value>0x12058</value>
         <object_component_ref idref="oc-4cc"/>
      </symbol>
      <symbol id="sm-3ea">
         <name>vApplicationMallocFailedHook</name>
         <value>0x12024</value>
         <object_component_ref idref="oc-62c"/>
      </symbol>
      <symbol id="sm-408">
         <name>vHAL7SEGInit</name>
         <value>0x11d4c</value>
         <object_component_ref idref="oc-4e7"/>
      </symbol>
      <symbol id="sm-409">
         <name>vHAL7SEGWriteDigit</name>
         <value>0x101e0</value>
         <object_component_ref idref="oc-51e"/>
      </symbol>
      <symbol id="sm-420">
         <name>hal430SetSystemClock</name>
         <value>0x11482</value>
         <object_component_ref idref="oc-4db"/>
      </symbol>
      <symbol id="sm-429">
         <name>vHALInitLED</name>
         <value>0x11ff0</value>
         <object_component_ref idref="oc-4e1"/>
      </symbol>
      <symbol id="sm-46d">
         <name>uxListRemove</name>
         <value>0x11bea</value>
         <object_component_ref idref="oc-4bd"/>
      </symbol>
      <symbol id="sm-46e">
         <name>vListInsert</name>
         <value>0x11b6c</value>
         <object_component_ref idref="oc-6ec"/>
      </symbol>
      <symbol id="sm-46f">
         <name>vListInitialiseItem</name>
         <value>0x12038</value>
         <object_component_ref idref="oc-63b"/>
      </symbol>
      <symbol id="sm-470">
         <name>vListInsertEnd</name>
         <value>0x11e42</value>
         <object_component_ref idref="oc-4c6"/>
      </symbol>
      <symbol id="sm-471">
         <name>vListInitialise</name>
         <value>0x11df4</value>
         <object_component_ref idref="oc-70c"/>
      </symbol>
      <symbol id="sm-562">
         <name>xQueueGenericSendFromISR</name>
         <value>0x11282</value>
         <object_component_ref idref="oc-7bb"/>
      </symbol>
      <symbol id="sm-563">
         <name>xQueueGenericCreate</name>
         <value>0x11a44</value>
         <object_component_ref idref="oc-454"/>
      </symbol>
      <symbol id="sm-564">
         <name>xQueueGenericSend</name>
         <value>0x10372</value>
         <object_component_ref idref="oc-4ee"/>
      </symbol>
      <symbol id="sm-565">
         <name>xQueueGenericReset</name>
         <value>0x10c88</value>
         <object_component_ref idref="oc-670"/>
      </symbol>
      <symbol id="sm-566">
         <name>xQueueSemaphoreTake</name>
         <value>0x10000</value>
         <object_component_ref idref="oc-518"/>
      </symbol>
      <symbol id="sm-567">
         <name>vQueueWaitForMessageRestricted</name>
         <value>0x119f6</value>
         <object_component_ref idref="oc-786"/>
      </symbol>
      <symbol id="sm-568">
         <name>xQueueReceive</name>
         <value>0x104f4</value>
         <object_component_ref idref="oc-79f"/>
      </symbol>
      <symbol id="sm-6d0">
         <name>vTaskSuspendAll</name>
         <value>0x1204c</value>
         <object_component_ref idref="oc-5f0"/>
      </symbol>
      <symbol id="sm-6d1">
         <name>vTaskPlaceOnEventList</name>
         <value>0x11d78</value>
         <object_component_ref idref="oc-60e"/>
      </symbol>
      <symbol id="sm-6d2">
         <name>xTaskCheckForTimeOut</name>
         <value>0x115ea</value>
         <object_component_ref idref="oc-5f6"/>
      </symbol>
      <symbol id="sm-6d3">
         <name>xTaskPriorityDisinherit</name>
         <value>0x11304</value>
         <object_component_ref idref="oc-6f9"/>
      </symbol>
      <symbol id="sm-6d4">
         <name>vTaskStartScheduler</name>
         <value>0x118aa</value>
         <object_component_ref idref="oc-45e"/>
      </symbol>
      <symbol id="sm-6d5">
         <name>vTaskInternalSetTimeOutState</name>
         <value>0x1200c</value>
         <object_component_ref idref="oc-5ea"/>
      </symbol>
      <symbol id="sm-6d6">
         <name>pvTaskIncrementMutexHeldCount</name>
         <value>0x11f18</value>
         <object_component_ref idref="oc-667"/>
      </symbol>
      <symbol id="sm-6d7">
         <name>vTaskPriorityDisinheritAfterTimeout</name>
         <value>0x110e2</value>
         <object_component_ref idref="oc-661"/>
      </symbol>
      <symbol id="sm-6d8">
         <name>xTaskCreate</name>
         <value>0x11404</value>
         <object_component_ref idref="oc-442"/>
      </symbol>
      <symbol id="sm-6d9">
         <name>vTaskMissedYield</name>
         <value>0x12046</value>
         <object_component_ref idref="oc-6e0"/>
      </symbol>
      <symbol id="sm-6da">
         <name>xTaskResumeAll</name>
         <value>0x10aec</value>
         <object_component_ref idref="oc-602"/>
      </symbol>
      <symbol id="sm-6db">
         <name>xTaskGetTickCount</name>
         <value>0x11ed4</value>
         <object_component_ref idref="oc-7a6"/>
      </symbol>
      <symbol id="sm-6dc">
         <name>pxCurrentTCB</name>
         <value>0x38f8</value>
         <object_component_ref idref="oc-41c"/>
      </symbol>
      <symbol id="sm-6dd">
         <name>vTaskPlaceOnEventListRestricted</name>
         <value>0x11c5a</value>
         <object_component_ref idref="oc-7b2"/>
      </symbol>
      <symbol id="sm-6de">
         <name>xTaskIncrementTick</name>
         <value>0x1075e</value>
         <object_component_ref idref="oc-41f"/>
      </symbol>
      <symbol id="sm-6df">
         <name>vTaskSwitchContext</name>
         <value>0x10bbe</value>
         <object_component_ref idref="oc-425"/>
      </symbol>
      <symbol id="sm-6e0">
         <name>xTaskGetSchedulerState</name>
         <value>0x11f4c</value>
         <object_component_ref idref="oc-5e4"/>
      </symbol>
      <symbol id="sm-6e1">
         <name>xTaskRemoveFromEventList</name>
         <value>0x11384</value>
         <object_component_ref idref="oc-61a"/>
      </symbol>
      <symbol id="sm-6e2">
         <name>xTaskPriorityInherit</name>
         <value>0x10fb4</value>
         <object_component_ref idref="oc-655"/>
      </symbol>
      <symbol id="sm-790">
         <name>xTimerCreateTimerTask</name>
         <value>0x11a92</value>
         <object_component_ref idref="oc-569"/>
      </symbol>
      <symbol id="sm-791">
         <name>xTimerGenericCommand</name>
         <value>0x11574</value>
         <object_component_ref idref="oc-799"/>
      </symbol>
      <symbol id="sm-7b4">
         <name>__TI_int53</name>
         <value>0xffea</value>
         <object_component_ref idref="oc-85"/>
      </symbol>
      <symbol id="sm-7b5">
         <name>vTickISREntry</name>
         <value>0x441c</value>
         <object_component_ref idref="oc-38c"/>
      </symbol>
      <symbol id="sm-7b6">
         <name>usCriticalNesting</name>
         <value>0x3924</value>
         <object_component_ref idref="oc-419"/>
      </symbol>
      <symbol id="sm-7b7">
         <name>pxPortInitialiseStack</name>
         <value>0x11eb0</value>
         <object_component_ref idref="oc-641"/>
      </symbol>
      <symbol id="sm-7bf">
         <name>vPortCooperativeTickISR</name>
         <value>0x10d62</value>
         <object_component_ref idref="oc-3e0"/>
      </symbol>
      <symbol id="sm-7c0">
         <name>vPortPreemptiveTickISR</name>
         <value>0x10d32</value>
         <object_component_ref idref="oc-3e0"/>
      </symbol>
      <symbol id="sm-7c1">
         <name>vPortYield</name>
         <value>0x10d8e</value>
         <object_component_ref idref="oc-3e0"/>
      </symbol>
      <symbol id="sm-7c2">
         <name>xPortStartScheduler</name>
         <value>0x10dbe</value>
         <object_component_ref idref="oc-3e0"/>
      </symbol>
      <symbol id="sm-7e8">
         <name>pvPortMalloc</name>
         <value>0x1179a</value>
         <object_component_ref idref="oc-4fa"/>
      </symbol>
      <symbol id="sm-7e9">
         <name>vPortFree</name>
         <value>0x11ffe</value>
         <object_component_ref idref="oc-500"/>
      </symbol>
      <symbol id="sm-810">
         <name>PMM_setVCore</name>
         <value>0x11954</value>
         <object_component_ref idref="oc-5d0"/>
      </symbol>
      <symbol id="sm-811">
         <name>PMM_setVCoreDown</name>
         <value>0x10dd8</value>
         <object_component_ref idref="oc-6cd"/>
      </symbol>
      <symbol id="sm-812">
         <name>PMM_setVCoreUp</name>
         <value>0x10936</value>
         <object_component_ref idref="oc-6c7"/>
      </symbol>
      <symbol id="sm-838">
         <name>UCS_initFLLSettle</name>
         <value>0x11c24</value>
         <object_component_ref idref="oc-5d6"/>
      </symbol>
      <symbol id="sm-839">
         <name>UCS_initFLL</name>
         <value>0x10854</value>
         <object_component_ref idref="oc-6d4"/>
      </symbol>
      <symbol id="sm-84a">
         <name>__mspabi_remul</name>
         <value>0x11852</value>
         <object_component_ref idref="oc-5cb"/>
      </symbol>
      <symbol id="sm-84b">
         <name>__mspabi_divul</name>
         <value>0x11852</value>
         <object_component_ref idref="oc-5cb"/>
      </symbol>
      <symbol id="sm-84e">
         <name>__TI_int41</name>
         <value>0xffd2</value>
         <object_component_ref idref="oc-79"/>
      </symbol>
      <symbol id="sm-851">
         <name>__TI_int42</name>
         <value>0xffd4</value>
         <object_component_ref idref="oc-7a"/>
      </symbol>
      <symbol id="sm-854">
         <name>__TI_int43</name>
         <value>0xffd6</value>
         <object_component_ref idref="oc-7b"/>
      </symbol>
      <symbol id="sm-857">
         <name>__TI_int44</name>
         <value>0xffd8</value>
         <object_component_ref idref="oc-7c"/>
      </symbol>
      <symbol id="sm-85a">
         <name>__TI_int45</name>
         <value>0xffda</value>
         <object_component_ref idref="oc-7d"/>
      </symbol>
      <symbol id="sm-85d">
         <name>__TI_int46</name>
         <value>0xffdc</value>
         <object_component_ref idref="oc-7e"/>
      </symbol>
      <symbol id="sm-860">
         <name>__TI_int47</name>
         <value>0xffde</value>
         <object_component_ref idref="oc-7f"/>
      </symbol>
      <symbol id="sm-863">
         <name>__TI_int48</name>
         <value>0xffe0</value>
         <object_component_ref idref="oc-80"/>
      </symbol>
      <symbol id="sm-866">
         <name>__TI_int49</name>
         <value>0xffe2</value>
         <object_component_ref idref="oc-81"/>
      </symbol>
      <symbol id="sm-869">
         <name>__TI_int50</name>
         <value>0xffe4</value>
         <object_component_ref idref="oc-82"/>
      </symbol>
      <symbol id="sm-86c">
         <name>__TI_int51</name>
         <value>0xffe6</value>
         <object_component_ref idref="oc-83"/>
      </symbol>
      <symbol id="sm-86f">
         <name>__TI_int52</name>
         <value>0xffe8</value>
         <object_component_ref idref="oc-84"/>
      </symbol>
      <symbol id="sm-872">
         <name>__TI_int54</name>
         <value>0xffec</value>
         <object_component_ref idref="oc-86"/>
      </symbol>
      <symbol id="sm-875">
         <name>__TI_int55</name>
         <value>0xffee</value>
         <object_component_ref idref="oc-87"/>
      </symbol>
      <symbol id="sm-878">
         <name>__TI_int56</name>
         <value>0xfff0</value>
         <object_component_ref idref="oc-88"/>
      </symbol>
      <symbol id="sm-87b">
         <name>__TI_int57</name>
         <value>0xfff2</value>
         <object_component_ref idref="oc-89"/>
      </symbol>
      <symbol id="sm-87e">
         <name>__TI_int58</name>
         <value>0xfff4</value>
         <object_component_ref idref="oc-8a"/>
      </symbol>
      <symbol id="sm-881">
         <name>__TI_int59</name>
         <value>0xfff6</value>
         <object_component_ref idref="oc-8b"/>
      </symbol>
      <symbol id="sm-884">
         <name>__TI_int60</name>
         <value>0xfff8</value>
         <object_component_ref idref="oc-8c"/>
      </symbol>
      <symbol id="sm-887">
         <name>__TI_int61</name>
         <value>0xfffa</value>
         <object_component_ref idref="oc-8d"/>
      </symbol>
      <symbol id="sm-88a">
         <name>__TI_int62</name>
         <value>0xfffc</value>
         <object_component_ref idref="oc-8e"/>
      </symbol>
      <symbol id="sm-892">
         <name>__TI_ISR_TRAP</name>
         <value>0x442c</value>
         <object_component_ref idref="oc-387"/>
      </symbol>
      <symbol id="sm-89c">
         <name>__mspabi_mpyi_f5hw</name>
         <value>0x11f34</value>
         <object_component_ref idref="oc-526"/>
      </symbol>
      <symbol id="sm-8b1">
         <name>_stack</name>
         <value>0x4360</value>
         <object_component_ref idref="oc-36b"/>
      </symbol>
      <symbol id="sm-8b2">
         <name>_c_int00_noargs</name>
         <value>0x4400</value>
         <object_component_ref idref="oc-3a4"/>
      </symbol>
      <symbol id="sm-8b3">
         <name>_reset_vector</name>
         <value>0xfffe</value>
         <object_component_ref idref="oc-36e"/>
      </symbol>
      <symbol id="sm-8d6">
         <name>__TI_auto_init_nobinit_nopinit_hold_wdt</name>
         <value>0x11900</value>
         <object_component_ref idref="oc-489"/>
      </symbol>
      <symbol id="sm-8e9">
         <name>__TI_zero_init</name>
         <value>0x11e68</value>
         <object_component_ref idref="oc-398"/>
      </symbol>
      <symbol id="sm-8f9">
         <name>_system_pre_init</name>
         <value>0x12052</value>
         <object_component_ref idref="oc-3ee"/>
      </symbol>
      <symbol id="sm-902">
         <name>_system_post_cinit</name>
         <value>0x12056</value>
         <object_component_ref idref="oc-582"/>
      </symbol>
      <symbol id="sm-913">
         <name>__TI_decompress_none</name>
         <value>0x11fcc</value>
         <object_component_ref idref="oc-73"/>
      </symbol>
      <symbol id="sm-936">
         <name>__TI_decompress_lzss</name>
         <value>0x114fe</value>
         <object_component_ref idref="oc-6d"/>
      </symbol>
      <symbol id="sm-940">
         <name>C$$EXIT</name>
         <value>0x12040</value>
         <object_component_ref idref="oc-465"/>
      </symbol>
      <symbol id="sm-941">
         <name>abort</name>
         <value>0x12040</value>
         <object_component_ref idref="oc-465"/>
      </symbol>
      <symbol id="sm-951">
         <name>memcpy</name>
         <value>0x11f90</value>
         <object_component_ref idref="oc-37a"/>
      </symbol>
      <symbol id="sm-95f">
         <name>memset</name>
         <value>0x11f64</value>
         <object_component_ref idref="oc-635"/>
      </symbol>
      <symbol id="sm-962">
         <name>vPortSetupTimerInterrupt</name>
         <value>0x11e1c</value>
      </symbol>
   </symbol_table>
   <title>Link successful</title>
</link_info>
